// Jest Snapshot v1, https://goo.gl/fbAQLP

exports[`<MenuButton> renders and matches snapshot 1`] = `
<div>
  <div
    aria-label="Label"
    class="menuButton"
    tabindex="0"
  >
    <span>
      Label
    </span>
  </div>
</div>
`;
