// Vitest Snapshot v1, https://vitest.dev/guide/snapshot.html

exports[`<VideoDetails> > renders and matches snapshot 1`] = `
<div>
  <div
    data-testid="cinema-layout"
  >
    <header
      class="_videoDetails_d0c133"
      data-testid="video-details"
      id="video-details"
    >
      <div
        class="_hero_77f2c2"
      >
        <img
          alt=""
          class="_poster_77f2c2 _image_4c41c3"
          src="http://image.jpg?width=1280"
        />
        <div
          class="_posterFade_77f2c2"
        />
        <div
          class="_info_77f2c2"
        >
          <h1
            class="_title_77f2c2"
          >
            Test video
          </h1>
          <div
            class="_metaContainer_d0c133"
          >
            <div
              class="_primaryMetadata_d0c133"
            >
              Primary metadata string
            </div>
            <div
              class="_secondaryMetadata_d0c133"
            >
              <strong>
                Secondary metadata string
              </strong>
            </div>
          </div>
          <div
            class="_truncatedText_b1c064 _description_77f2c2 _description_d0c133"
            style="max-height: calc(1.5em * 8); -webkit-line-clamp: 8;"
          >
            <div
              class="_markdown_e219e2 _inline_e219e2"
            >
              Video description
            </div>
          </div>
          <div
            class="_buttonBar_d0c133"
          >
            <button>
              Start watching
            </button>
            <button>
              play trailer
            </button>
            <button>
              favorite
            </button>
            <button>
              share
            </button>
          </div>
        </div>
      </div>
    </header>
    <div>
      Related Videos
    </div>
  </div>
</div>
`;
