// Vitest Snapshot v1

exports[`<Dialog> > renders and matches snapshot 1`] = `<div />`;
