// Vitest Snapshot v1, https://vitest.dev/guide/snapshot.html

exports[`<Account> > renders and matches snapshot 1`] = `
<div>
  <h2>
    Unexpected Application Error!
  </h2>
  <h3
    style="font-style: italic;"
  >
    [vitest] No "Trans" export is defined on the "react-i18next" mock. Did you forget to return it from "vi.mock"?
If you need to partially mock a module, you can use "importOriginal" helper inside:

  </h3>
  <pre
    style="padding: 0.5rem; background-color: rgba(200, 200, 200, 0.5);"
  >
    Error: [vitest] No "Trans" export is defined on the "react-i18next" mock. Did you forget to return it from "vi.mock"?
If you need to partially mock a module, you can use "importOriginal" helper inside:

    at VitestMocker.createError (file:///Users/borislav.petrovic/ott-web-app/node_modules/vitest/dist/vendor/execute.fL3szUAI.js:79:19)
    at Object.get (file:///Users/borislav.petrovic/ott-web-app/node_modules/vitest/dist/vendor/execute.fL3szUAI.js:153:22)
    at Object.content (/Users/borislav.petrovic/ott-web-app/packages/ui-react/src/components/Account/Account.tsx:393:22)
    at content (/Users/borislav.petrovic/ott-web-app/packages/ui-react/src/components/Account/Account.tsx:199:20)
    at FormSection (/Users/borislav.petrovic/ott-web-app/packages/ui-react/src/components/Form/FormSection.tsx:152:12)
    at renderWithHooks (/Users/borislav.petrovic/ott-web-app/node_modules/react-dom/cjs/react-dom.development.js:15486:18)
    at mountIndeterminateComponent (/Users/borislav.petrovic/ott-web-app/node_modules/react-dom/cjs/react-dom.development.js:20103:13)
    at beginWork (/Users/borislav.petrovic/ott-web-app/node_modules/react-dom/cjs/react-dom.development.js:21626:16)
    at beginWork$1 (/Users/borislav.petrovic/ott-web-app/node_modules/react-dom/cjs/react-dom.development.js:27465:14)
    at performUnitOfWork (/Users/borislav.petrovic/ott-web-app/node_modules/react-dom/cjs/react-dom.development.js:26599:12)
  </pre>
  <p>
    ðŸ’¿ Hey developer ðŸ‘‹
  </p>
  <p>
    You can provide a way better UX than this when your app throws errors by providing your own 
    <code
      style="padding: 2px 4px; background-color: rgba(200, 200, 200, 0.5);"
    >
      ErrorBoundary
    </code>
     or
     
    <code
      style="padding: 2px 4px; background-color: rgba(200, 200, 200, 0.5);"
    >
      errorElement
    </code>
     prop on your route.
  </p>
</div>
`;
