// Vitest Snapshot v1

exports[`<DemoConfigDialog> > renders and matches snapshot 1`] = `
<div>
  <div
    class="_configModal_561a54"
  >
    <div
      class="_errorPage_8c5621"
    >
      <div
        class="_box_8c5621"
      >
        <header>
          <h1
            class="_title_8c5621"
          >
            app_config_not_found
          </h1>
        </header>
        <main
          class="_main_8c5621"
        >
          <form
            action="/"
            method="GET"
          >
            <div
              class="_textField_e16c1b"
            >
              <label
                class="_label_e16c1b"
                for="text-field_1235_app-config"
              />
              <div
                class="_container_e16c1b"
              >
                <input
                  class="_input_e16c1b"
                  id="text-field_1235_app-config"
                  name="app-config"
                  placeholder="please_enter_config_id"
                  required=""
                  type="text"
                  value=""
                />
              </div>
            </div>
            <div
              class="_controls_561a54"
            >
              <button
                class="_button_f8f296 _default_f8f296 _outlined_f8f296"
                type="submit"
              >
                <span>
                  submit_config_id
                </span>
              </button>
            </div>
          </form>
          <p>
            use_the_jwp_dashboard
            <span>
               
            </span>
            <a
              class="_link_a14c64"
              href="https://docs.jwplayer.com/platform/docs/ott-create-an-app-config"
              rel="noreferrer"
              target="_blank"
            >
              learn_more
            </a>
          </p>
        </main>
      </div>
    </div>
  </div>
</div>
`;

exports[`<DemoConfigDialog> > renders and matches snapshot with ID 1`] = `
<div>
  <div
    class="_note_561a54"
  >
    <div>
      currently_previewing_config
    </div>
    <a
      class="_link_a14c64"
    >
      click_to_unselect_config
    </a>
  </div>
</div>
`;
