// Jest Snapshot v1, https://goo.gl/fbAQLP

exports[`<HelperText> renders and matches snapshot 1`] = `
<div>
  <div
    class="helperText error"
  >
    Hello world!
  </div>
</div>
`;
