// Vitest Snapshot v1, https://vitest.dev/guide/snapshot.html

exports[`<ListPlans> > renders and matches snapshot 1`] = `
<div>
  <div
    class="_welcome_4e2975"
  >
    <h2>
      list plans
    </h2>
    <div>
      boxes
    </div>
    <button
      class="_button_f8f296 _primary_f8f296 _fullWidth_f8f296 _large_f8f296"
      type="button"
    >
      <span>
        Go to Account settings
      </span>
    </button>
  </div>
</div>
`;
