// Vitest Snapshot v1

exports[`<VideoDetails> > renders and matches snapshot 1`] = `
<div>
  <div
    class="video"
  >
    <div
      class="main mainPadding"
    >
      <div
        class="info"
      >
        <h2
          class="title"
        >
          Test video
        </h2>
        <div
          class="metaContainer"
        >
          <div
            class="primaryMetadata"
          >
            Primary metadata string
          </div>
          <div
            class="secondaryMetadata"
          >
            <strong>
              Secondary metadata string
            </strong>
          </div>
        </div>
        <div
          class="collapsibleText"
        >
          <div
            class="textContainer description"
            style="max-height: none;"
          >
            Video description
          </div>
        </div>
        <div
          class="buttonBar"
        >
          <button>
            Start watching
          </button>
          <button
            aria-label="video:watch_trailer"
            class="button default outlined"
          >
            <div
              class="startIcon"
            >
              <svg
                aria-hidden="true"
                class="icon"
                focusable="false"
                viewBox="0 0 24 24"
                xmlns="http://www.w3.org/2000/svg"
              >
                <g>
                  <path
                    d="M19,19H5V5H19M19,3H5A2,2 0 0,0 3,5V19A2,2 0 0,0 5,21H19A2,2 0 0,0 21,19V5C21,3.89 20.1,3 19,3M10,8V16L15,12L10,8Z"
                  />
                </g>
              </svg>
            </div>
            <span>
              video:trailer
            </span>
          </button>
          <button
            aria-label="video:add_to_favorites"
            class="button default outlined"
          >
            <div
              class="startIcon"
            >
              <svg
                aria-hidden="true"
                class="icon"
                focusable="false"
                viewBox="0 0 24 24"
                xmlns="http://www.w3.org/2000/svg"
              >
                <g>
                  <path
                    d="M12.1,18.55L12,18.65L11.89,18.55C7.14,14.24 4,11.39 4,8.5C4,6.5 5.5,5 7.5,5C9.04,5 10.54,6 11.07,7.36H12.93C13.46,6 14.96,5 16.5,5C18.5,5 20,6.5 20,8.5C20,11.39 16.86,14.24 12.1,18.55M16.5,3C14.76,3 13.09,3.81 12,5.08C10.91,3.81 9.24,3 7.5,3C4.42,3 2,5.41 2,8.5C2,12.27 5.4,15.36 10.55,20.03L12,21.35L13.45,20.03C18.6,15.36 22,12.27 22,8.5C22,5.41 19.58,3 16.5,3Z"
                  />
                </g>
              </svg>
            </div>
            <span>
              video:favorite
            </span>
          </button>
          <button>
            share
          </button>
        </div>
      </div>
      <div
        class="poster fading"
        style="background-image: url(posterimage);"
      />
    </div>
  </div>
</div>
`;
